C:/TouchGFXProjects/DisplayProj/Core/Src/stm32f7xx_hal_msp.c:67:6:HAL_MspInit	8	static
C:/TouchGFXProjects/DisplayProj/Core/Src/stm32f7xx_hal_msp.c:91:6:HAL_ADC_MspInit	40	static
C:/TouchGFXProjects/DisplayProj/Core/Src/stm32f7xx_hal_msp.c:127:6:HAL_ADC_MspDeInit	8	static
C:/TouchGFXProjects/DisplayProj/Core/Src/stm32f7xx_hal_msp.c:157:6:HAL_CAN_MspInit	40	static
C:/TouchGFXProjects/DisplayProj/Core/Src/stm32f7xx_hal_msp.c:196:6:HAL_CAN_MspDeInit	8	static
C:/TouchGFXProjects/DisplayProj/Core/Src/stm32f7xx_hal_msp.c:227:6:HAL_CRC_MspInit	8	static
C:/TouchGFXProjects/DisplayProj/Core/Src/stm32f7xx_hal_msp.c:249:6:HAL_CRC_MspDeInit	0	static
C:/TouchGFXProjects/DisplayProj/Core/Src/stm32f7xx_hal_msp.c:271:6:HAL_DMA2D_MspInit	16	static
C:/TouchGFXProjects/DisplayProj/Core/Src/stm32f7xx_hal_msp.c:296:6:HAL_DMA2D_MspDeInit	0	static
C:/TouchGFXProjects/DisplayProj/Core/Src/stm32f7xx_hal_msp.c:321:6:HAL_DSI_MspInit	40	static
C:/TouchGFXProjects/DisplayProj/Core/Src/stm32f7xx_hal_msp.c:359:6:HAL_DSI_MspDeInit	8	static
C:/TouchGFXProjects/DisplayProj/Core/Src/stm32f7xx_hal_msp.c:389:6:HAL_I2C_MspInit	200	static
C:/TouchGFXProjects/DisplayProj/Core/Src/stm32f7xx_hal_msp.c:446:6:HAL_I2C_MspDeInit	8	static
C:/TouchGFXProjects/DisplayProj/Core/Src/stm32f7xx_hal_msp.c:479:6:HAL_JPEG_MspInit	24	static
C:/TouchGFXProjects/DisplayProj/Core/Src/stm32f7xx_hal_msp.c:548:6:HAL_JPEG_MspDeInit	8	static
C:/TouchGFXProjects/DisplayProj/Core/Src/stm32f7xx_hal_msp.c:577:6:HAL_LTDC_MspInit	160	static
C:/TouchGFXProjects/DisplayProj/Core/Src/stm32f7xx_hal_msp.c:618:6:HAL_LTDC_MspDeInit	0	static
C:/TouchGFXProjects/DisplayProj/Core/Src/stm32f7xx_hal_msp.c:643:6:HAL_QSPI_MspInit	64	static
C:/TouchGFXProjects/DisplayProj/Core/Src/stm32f7xx_hal_msp.c:716:6:HAL_QSPI_MspDeInit	8	static
C:/TouchGFXProjects/DisplayProj/Core/Src/stm32f7xx_hal_msp.c:757:6:HAL_TIM_Base_MspInit	8	static
C:/TouchGFXProjects/DisplayProj/Core/Src/stm32f7xx_hal_msp.c:779:6:HAL_TIM_Base_MspDeInit	0	static
C:/TouchGFXProjects/DisplayProj/Core/Src/stm32f7xx_hal_msp.c:925:6:HAL_SDRAM_MspInit	48	static
C:/TouchGFXProjects/DisplayProj/Core/Src/stm32f7xx_hal_msp.c:1033:6:HAL_SDRAM_MspDeInit	8	static
C:/TouchGFXProjects/DisplayProj/Core/Src/stm32f7xx_hal_msp.c:1053:6:BSP_QSPI_MspInit	0	static
C:/TouchGFXProjects/DisplayProj/Core/Src/stm32f7xx_hal_msp.c:1067:6:BSP_QSPI_MspDeInit	0	static
C:/TouchGFXProjects/DisplayProj/Core/Src/stm32f7xx_hal_msp.c:1080:6:BSP_SDRAM_MspInit	0	static
C:/TouchGFXProjects/DisplayProj/Core/Src/stm32f7xx_hal_msp.c:1093:6:BSP_SDRAM_MspDeInit	0	static
