../../Middlewares/ST/touchgfx/framework/include/touchgfx/Screen.hpp:104:18:virtual void touchgfx::Screen::afterTransition()	0	static
../../Middlewares/ST/touchgfx/framework/include/touchgfx/Screen.hpp:154:18:virtual void touchgfx::Screen::handleKeyEvent(uint8_t)	0	static
../../TouchGFX/gui/include/gui/screen1_screen/Screen1View.hpp:11:13:Screen1View::~Screen1View()	0	static
C:/TouchGFXProjects/DisplayProj/TouchGFX/gui/src/screen1_screen/Screen1View.cpp:22:6:virtual void Screen1View::tearDownScreen()	0	static
C:/TouchGFXProjects/DisplayProj/TouchGFX/gui/src/screen1_screen/Screen1View.cpp:17:6:virtual void Screen1View::setupScreen()	0	static
C:/TouchGFXProjects/DisplayProj/TouchGFX/gui/src/screen1_screen/Screen1View.cpp:27:6:virtual void Screen1View::Update_Corrente_Text(uint16_t)	24	static
C:/TouchGFXProjects/DisplayProj/TouchGFX/gui/src/screen1_screen/Screen1View.cpp:60:6:virtual void Screen1View::Update_Gauge(uint16_t)	16	static
C:/TouchGFXProjects/DisplayProj/TouchGFX/gui/src/screen1_screen/Screen1View.cpp:68:6:virtual void Screen1View::Update_Bateria(uint16_t)	16	static
../../TouchGFX/gui/include/gui/screen1_screen/Screen1View.hpp:11:13:virtual Screen1View::~Screen1View()	8	static
C:/TouchGFXProjects/DisplayProj/TouchGFX/gui/src/screen1_screen/Screen1View.cpp:12:1:Screen1View::Screen1View()	8	static
